1. Create the Customer table with the following columns.
Customerid Number(5)
CustomerName Number(10)
Address1 Varchar2(30)
Address2 Varchar2(30)

	
SQL> CREATE TABLE CUSTOMER(
  2  CUSTOMERID NUMBER(5),
  3  CUSTOMERNAME VARCHAR2(30),
  4  ADDRESS1 VARCHAR2(30),
  5  ADDRESS2 VARCHAR2(30)
  6  );


2. Modify the Customer table CustomerName column of datatype with Varchar2(30). CustomerName should not accept Nulls.
	
SQL> ALTER TABLE CUSTOMER MODIFY CUSTOMERNAME VARCHAR2(30) NOT NULL;



3. Add the following Columns to the Customer table.
Gender Varchar2(1)
Age Number(3)
PhoneNo Number(10)


SQL> ALTER TABLE CUSTOMER ADD GENDER VARCHAR2(1);

Table altered.

SQL> ALTER TABLE CUSTOMER ADD AGE NUMBER(3);

Table altered.

SQL> ALTER TABLE CUSTOMER ADD PHONENO NUMBER(10);

Table altered.



4. Insert rows with the following data in to the Customer table.
Insert into customer values: (1000, ‘Allen’, ‘#115 Chicago’, ‘#115 Chicago’, ‘M’, ‘25, 7878776’)
In similar manner, add the below records to the Customer table:
? 1000, Allen, #115 Chicago, #115 Chicago, M, 25, 7878776
? 1001, George, #116 France, #116 France, M, 25, 434524



CUSTOMERID CUSTOMERNAME                   ADDRESS1
---------- ------------------------------ ------------------------------
ADDRESS2                       G        AGE    PHONENO
------------------------------ - ---------- ----------
      1000 ALLEN                          #115 CHICAGO
#115CHICAGO                    M         25    7878776

      1001 GEORGE                         #116,FRANCE
#116,FRANCE                    M         25     434524

      1002 BERKER                         #114,NEWYORK
#114,NEWYORK                   M         45     431525

5. Add the Primary key constraint for Customerld with the name Custld_Prim.

 ALTER TABLE CUSTOMER RENAME COLUMN CUSTOMERID TO CUSTID_PRIM;

 ALTER TABLE CUSTOMER MODIFY CUSTID_PRIM NUMBER(10) PRIMARY KEY;

Table altered.


6. Insert the row given below in the Customer table and see the message generated by the Oracle server.
1002, John, #114 Chicago, #114 Chicago, M, 45, 439525
 INSERT INTO CUSTOMER VALUES(1002,'JOHN','#114,CHICAGO','#114,CHICAGO','M',4
5,439525);
INSERT INTO CUSTOMER VALUES(1002,'JOHN','#114,CHICAGO','#114,CHICAGO','M',45,439
525)
*
ERROR at line 1:
ORA-00001: unique constraint (LAB1ETRG25.SYS_C001361902) violated


7. Disable the constraint on CustomerId, and insert the following data:
? 1002, Becker, #114 New York, #114 New york , M, 45, 431525
? 1003, Nanapatekar, #115 India, #115 India , M, 45, 431525



8. Enable the constraint on CustomerId of the Customer table, and see the message generated by the Oracle server.


9. Drop the constraint Custld_Prim on CustomerId and insert the following Data. Alter Customer table, drop constraint Custid_Prim.
? 1002, Becker, #114 New York, #114 New york , M, 45, 431525, 15000.50
? 1003, Nanapatekar, #115 India, #115 India , M, 45, 431525, 20000.50

10. Delete all the existing rows from Customer table, and let the structure remain itself using TRUNCATE statement.
TRUNCATE TABLE CUSTOMER;


11. In the Customer table, add a column E_mail.
ALTER TABLE CUSTOMER ADD E_MAIL VARCHAR2(30);



12. Drop the E_mail column from Customer table.
 ALTER TABLE CUSTOMER DROP  COLUMN E_MAIL;

13. Add a new column EmailId to Customer table.

ALTER TABLE CUSTOMER ADD EMAILID  VARCHAR2(30);

14. Mark EmailId column as unused before dropping it.


 ALTER TABLE CUSTOMER
 SET UNUSED COLUMN EMAILID ;

15. Drop the unused EmailId column from the Customer table.
 ALTER TABLE CUSTOMER    DROP UNUSED COLUMNS;



16. Define the COMMENT ‘Customers Details’ for Customer table.


17. Use Data Dictionary USER_TAB_COMMENTS to view the created comment.


18. Define the COMMENT ‘Personal Contact no’ for the phoneno column of the Customer table.


19. Use Data Dictionary USER_COL_COMMENTS to view the created comment.


20. Create the Suppliers table based on the structure of the Customer table. Include only the CustomerId, CustomerName, Address1, Address2, and phoneno columns.
Name the columns in the new table as SuppID, SName, Addr1, Addr2, and Contactno respectively.


21. Drop the above table and recreate the following table with the name CustomerMaster.
CustomerId Number(5) Primary key(Name of constraint is CustId_PK)
CustomerName Varchar2(30) Not Null
Addressl Varchar2(30) Not Null
Address2 Varchar2(30)
Gender Varchar2(l)
Age Number(3)
PhoneNo Number(10).



22. Create the AccountsMaster table with the following Columns. Use sequence to generate Account number
Customerld Number(5)
AccountNumber Number(10,2) Primary key(Name of constraint is Acc_PK)
AccountType Char(3)
LedgerBalance Number(10,2) Not Null




